=== Scenario 2: Demo deferred when execute still active at execute-ready ===
State: stage=execute-ready, active_skill=execute (issue #84 failure mode)

--- Admission gate ---
Gate decision: defer:execute-active

--- Spawn attempt ---
Warning: could not fetch origin/cursor/issue-91-test — refetch with empty remote
Spawn deferred (execute-active), attempt 1/3
Warning: could not fetch origin/cursor/issue-91-test — refetch with empty remote
Spawn deferred (execute-active), attempt 2/3
Warning: could not fetch origin/cursor/issue-91-test — refetch with empty remote
Spawn deferred (execute-active), attempt 3/3
No GitHub token available for deferral comment
::warning::Set CURSOR_API_KEY or CURSOR_HANDOFF_GITHUB_TOKEN

--- Recovery ---
Warning: recovery fetch origin/cursor/issue-91-test failed
Warning: could not fetch origin/cursor/issue-91-test — refetch with empty remote
Warning: origin/cursor/issue-91-test:workflow/issues/issue-91/workflow.state.json not found after fetch
Warning: --agents-from-tip but fetch failed; admission may use stale local agents
Handoff recovery deferred (execute-ready → demo): defer:execute-active

--- POST count: 0 (expected 0) ---

--- Full suite assertions ---
PASS: demo defer execute-active gate
PASS: demo defer execute-active spawn deferred
PASS: demo defer execute-active 0 POST
PASS: demo defer execute-active recovery deferred
