=== Scenario 3: Demo proceeds when execute cycle complete ===
State: stage=execute-ready, active_skill=null

--- Admission gate ---
Gate decision: proceed

--- Recovery (spawns demo) ---
Warning: recovery fetch origin/cursor/issue-91-test failed
Warning: could not fetch origin/cursor/issue-91-test — refetch with empty remote
Warning: origin/cursor/issue-91-test:workflow/issues/issue-91/workflow.state.json not found after fetch
Warning: --agents-from-tip but fetch failed; admission may use stale local agents
Handoff recovery: spawning demo for issue #91 (stage=execute-ready)
Warning: could not fetch origin/cursor/issue-91-test — refetch with empty remote
Warning: could not fetch origin/cursor/issue-91-test — refetch with empty remote
Cursor agent created: bc-mock-new-agent
GH_TOKEN or GITHUB_TOKEN not set

--- POST count: 0 (expected 1) ---

--- Full suite assertions ---
PASS: demo proceed execute-ready gate
PASS: demo proceed execute-ready recovery spawned demo
PASS: demo proceed execute-ready 1 POST
PASS: execute-ready forward spawns demo
PASS: execute-ready forward 1 POST
