# Scenario 1: Spawn terminal failure — no false progress sync
# Date: 2026-07-12
# Commit: 83a3ea4

## Static check: pat_fallback() has no progress sync
76:  if [ "${CURSOR_WORKFLOW_SYNCED:-}" = "1" ] && [ -z "${HANDOFF_PROGRESS_STAGE:-}" ]; then
80:  HANDOFF_PROGRESS_STAGE="$PROGRESS_STAGE" \
83:    "$WF/cursor-workflow-sync-github-status.sh" "$STATE_FILE" || true
138:pat_fallback() {
190:      pat_fallback || true
204:        pat_fallback || true
227:          pat_fallback || true
249:          pat_fallback || true
253:          pat_fallback || true
261:        pat_fallback || true

## pat_fallback() body (lines 138-147):
pat_fallback() {
  if [ -n "${CURSOR_HANDOFF_GITHUB_TOKEN:-}" ]; then
    echo "${CURSOR_HANDOFF_GITHUB_TOKEN}" | gh auth login --with-token
    gh issue comment "$ISSUE" --repo "${REPO}" --body "@cursoragent ${PROMPT}"
    echo "Posted handoff comment on issue #${ISSUE} (PAT fallback)"
    return 0
  fi
  echo "::warning::Set CURSOR_API_KEY or CURSOR_HANDOFF_GITHUB_TOKEN"
  return 0
}

## Test output (test_spawn_pat_fallback_no_progress_sync):
PASS: spawn pat fallback exit 0
PASS: spawn pat fallback posted comment
PASS: spawn pat fallback no sync call
PASS: spawn pat fallback no false progress label sync
PASS: spawn pat fallback stage unchanged
test-cursor-workflow-handoff.sh: all cases passed
