PASS: dedup admission skip
PASS: dedup spawn skipped
PASS: at-cap admission defer
PASS: api-400 exit 0
PASS: api-400 logged
PASS: fresh pending lock defer
PASS: babysit recovery spawned
PASS: babysit agent recorded in state
PASS: plan-ready recovery spawned execute
PASS: execute agent recorded in plan-ready recovery
PASS: stage merge keeps higher rank (create-pr-ready)
PASS: stage merge preserves remote pr
PASS: stage rank ordering
PASS: plan-ready ranks above spec-ready
PASS: plan-needs-info ranks above plan-in-progress
PASS: changes-requested ranks above complete
PASS: stage merge keeps plan-ready over spec-ready
PASS: should-discover skips plan-in-progress
PASS: discover makes 0 list fetches when skipped
PASS: should-discover runs at spec-ready
PASS: shared list cache single fetch
PASS: batched spawn clears pending and records agent
PASS: duplicate sync skipped when already synced
PASS: comment id cache uses PATCH not list
PASS: cap count cached across admission gate calls
PASS: push diff detects non-tip state change across full range
::warning::BEFORE_SHA 0000000000000000000000000000000000000001 unavailable — checking AFTER_SHA commit only
PASS: tip-only fallback misses non-tip state change when BEFORE_SHA unavailable
PASS: push diff detects non-tip PR.md change across full range
::warning::BEFORE_SHA 0000000000000000000000000000000000000001 unavailable — checking AFTER_SHA commit only
PASS: tip-only fallback misses non-tip PR.md change when BEFORE_SHA unavailable
PASS: refetch remote agent skip logged
PASS: refetch remote agent skip 0 POST
PASS: refetch remote pending defer logged
PASS: refetch remote pending defer 0 POST
PASS: concurrent race exactly 1 POST
PASS: recovery remote agent skip no spawn log
PASS: recovery remote agent skip 0 POST
PASS: record-spawn first-wins preserves bc-first
PASS: record-spawn first-wins logged peer
PASS: failed record-spawn leaves pending lock
PASS: failed record-spawn blocks second POST
test-cursor-workflow-handoff.sh: all cases passed
Switched to a new branch 'main'
To /tmp/tmp.PTUwtvFd5d/remote-push.git
 * [new branch]      main -> main
 * [new branch]      cursor/issue-99-test -> cursor/issue-99-test
From /tmp/tmp.PTUwtvFd5d/remote-push
 * branch            cursor/issue-99-test -> FETCH_HEAD
PASS: record-agent pushes ID when remote slot is null but local pre-updated
Switched to a new branch 'main'
To /tmp/tmp.PTUwtvFd5d/remote-idempotent.git
 * [new branch]      main -> main
 * [new branch]      cursor/issue-99-test -> cursor/issue-99-test
To /tmp/tmp.PTUwtvFd5d/remote-idempotent.git
   ec6eda4..2ab2b9f  cursor/issue-99-test -> cursor/issue-99-test
PASS: record-agent idempotent when remote already has agent ID
test-cursor-workflow-record-agent.sh: all cases passed
PASS: extracts Closes/Fixes issue numbers
PASS: empty body does not fail under pipefail
test-cursor-workflow-linked-issues.sh: all cases passed
PASS: strip-cursor-labels uses per-label --remove-label flags
test-cursor-workflow-strip-cursor-labels.sh: all cases passed
PASS: no legacy workflow paths found
