=== Scenario 3: API delete and exposure reversal ===
Date: 2026-07-03T15:00:57Z

--- List before delete ---
{
    "data": [
        {
            "session_id": "c618464a-c80a-4bbf-8dee-db0ed68f3abb",
            "winner_film_id": "b3714da2-1efd-4fc5-9768-12cfa12abcd4",
            "winner_title": "The Matrix",
            "winner_year": 1999,
            "winner_poster_url": "https://image.tmdb.org/t/p/w500/dXNAPwY7VrqMAo51EKhhCJfaGb5.jpg",
            "winner_watch_status": "active",
            "preference_summary": "Open to any film that fits the current watchlist mood.",
            "created_at": "2026-06-20T21:45:28.718424Z"
        }
    ],
    "pagination": {
        "total": 1,
        "limit": 5,
        "offset": 0,
        "has_more": false
    }
}

session_id to delete: c618464a-c80a-4bbf-8dee-db0ed68f3abb
pagination.total before: 1

--- DELETE request ---
DELETE /api/v1/recommendations/c618464a-c80a-4bbf-8dee-db0ed68f3abb => HTTP 204

--- Detail after delete ---
GET /api/v1/recommendations/c618464a-c80a-4bbf-8dee-db0ed68f3abb => HTTP 404non-2xx

--- List after delete ---
{
    "data": [],
    "pagination": {
        "total": 0,
        "limit": 5,
        "offset": 0,
        "has_more": false
    }
}

PASS: session excluded from list
pagination.total after: 0
