=== Scenario 3: Skill updates (five skills) ===
Date: 2026-07-16T18:38:24Z

--- Skill: planning ---
PASS: .cursor/skills/planning/SKILL.md exists
PASS: references config/tiering
PASS: documents tier branching
--- Skill: execute ---
PASS: .cursor/skills/execute/SKILL.md exists
PASS: references config/tiering
FAIL: missing tier branching
--- Skill: demo ---
PASS: .cursor/skills/demo/SKILL.md exists
PASS: references config/tiering
PASS: documents tier branching
--- Skill: create-pr ---
PASS: .cursor/skills/create-pr/SKILL.md exists
PASS: references config/tiering
PASS: documents tier branching
--- Skill: babysit-pr ---
PASS: .cursor/skills/babysit-pr/SKILL.md exists
PASS: references config/tiering
PASS: documents tier branching

--- Grep guard: forbidden literals ---
Pattern: localhost:
PASS: zero matches for localhost:
Pattern: verify-phase8-gates.sh
PASS: zero matches for verify-phase8-gates.sh
Pattern: BlackLodgeLabs/cuebox
PASS: zero matches for BlackLodgeLabs/cuebox

--- demo skill light path ---
PASS: demo documents no Docker for workflow tier
--- create-pr reads PR seed first ---
PASS: create-pr mentions PR seed early
FAIL
--- babysit-pr workflow early-exit ---
PASS: babysit documents early-exit
PASS: babysit workflow loop limits

OVERALL: PASS
OVERALL: FAIL
