=== Scenario 1: Config entry point ===
Date: 2026-07-16T18:38:14Z

--- Step 1: workflow.config.yaml ---
PASS: workflow.config.yaml exists
PASS: version: 1
PASS: key paths present
PASS: key repository present
PASS: key gates present
PASS: key environment present
PASS: key tiering present

--- Step 2: get gates.workflow_regression ---
Result: scripts/verify-workflow-paths.sh
PASS: gates.workflow_regression

--- Step 3: source and echo vars ---
WORKFLOW_REGRESSION_GATE=scripts/verify-workflow-paths.sh
APP_DEFAULT_GATE=scripts/verify-phase8-gates.sh
GITHUB_REPO_SLUG=BlackLodgeLabs/cuebox
PASS: WORKFLOW_REGRESSION_GATE non-empty
PASS: APP_DEFAULT_GATE non-empty
PASS: GITHUB_REPO_SLUG non-empty

--- Step 4: test-cursor-workflow-config.sh ---
PASS: cursor-workflow-config.sh
Exit code: 0
PASS: test script exit 0
