=== Scenario 1: Execute skill finalize contract ===
Date: 2026-07-12T08:38:58Z
Commit: 043c431

--- grep active_skill in execute SKILL Finalize section ---
## Finalize state

```bash
bash scripts/cursor-workflow-merge-state.sh workflow/issues/issue-{NNN}/workflow.state.json
```

```json
{
  "stage": "execute-ready",
  "active_skill": null,
  "active_agent_id": null,
  "passback_to": null,
  "passback_reason": null,
  "pr": <number from workflow.state.json — preserve>,
  "loops": { "bugbot": <preserve>, "ci_autofix": <preserve>, "total_runs": <increment> },
  "updated_at": "<ISO8601>"
}
```

Set `active_skill: null` (and optionally `active_agent_id: null`) on `execute-ready`, mirroring the planning skill's `plan-ready` finalize — clears the skill lock so demo admission proceeds. Defense-in-depth: the admission gate also allows demo at `execute-ready` even if `active_skill` is stale (issue #109).

Preserve `pr` from workflow.state.json (set by GitHub Actions). Do not reset `loops.bugbot` / `loops.ci_autofix`.

Issue labels: synced by GitHub Actions on push. Push state file; handoff Action triggers demo.

## Do not

--- grep active_skill in planning SKILL Finalize section ---
