# Scenario 2: Pass-back PAT failure — no false progress sync
# Date: 2026-07-12
# Commit: 83a3ea4

## Static check: PAT fallback block (lines 71-76) has no sync
  if [ "$http_code" -ge 200 ] && [ "$http_code" -lt 300 ]; then
    echo "Pass-back run started on agent ${agent_id}"
    HANDOFF_PROGRESS_STAGE="execute-in-progress" \
    HANDOFF_ACTIVE_SKILL="execute" \
    HANDOFF_ACTIVE_AGENT="$agent_id" \
      "$WF/cursor-workflow-sync-github-status.sh" "$STATE_FILE"
    exit 0
  fi
  echo "Pass-back API returned ${http_code}: $(cat /tmp/cursor-passback.json)" >&2
fi

if [ -n "${CURSOR_HANDOFF_GITHUB_TOKEN:-}" ]; then
  echo "${CURSOR_HANDOFF_GITHUB_TOKEN}" | gh auth login --with-token
  gh issue comment "$ISSUE" --repo "$REPO" \
    --body "@cursoragent ${prompt}"
  exit 0
fi

## Success block (lines 60-66) still calls sync with execute-in-progress
  if [ "$http_code" -ge 200 ] && [ "$http_code" -lt 300 ]; then
    echo "Pass-back run started on agent ${agent_id}"
    HANDOFF_PROGRESS_STAGE="execute-in-progress" \
    HANDOFF_ACTIVE_SKILL="execute" \
    HANDOFF_ACTIVE_AGENT="$agent_id" \
      "$WF/cursor-workflow-sync-github-status.sh" "$STATE_FILE"
    exit 0

## Test output (test_passback_pat_fallback_no_progress_sync):
PASS: passback pat fallback exit 0
PASS: passback pat fallback no sync call
PASS: passback pat fallback no false progress sync
PASS: passback pat fallback stage unchanged
test-cursor-workflow-handoff.sh: all cases passed
